../Core/Src/main.c:207:5:main	8	static,ignoring_inline_asm
../Core/Src/main.c:458:6:SystemClock_Config	88	static
../Core/Src/main.c:504:13:MX_ADC1_Init	24	static
../Core/Src/main.c:596:13:MX_TIM6_Init	16	static
../Core/Src/main.c:634:13:MX_TIM7_Init	16	static
../Core/Src/main.c:672:13:MX_USART1_UART_Init	8	static
../Core/Src/main.c:705:13:MX_USART2_UART_Init	8	static
../Core/Src/main.c:738:13:MX_GPIO_Init	56	static
../Core/Src/main.c:812:6:Syst_Init	8	static
../Core/Src/main.c:834:6:HW_Test	8	static
../Core/Src/main.c:854:6:init_disp	8	static
../Core/Src/main.c:890:6:CheckPhaseVoltage	8	static
../Core/Src/main.c:958:6:CheckDryrun	8	static
../Core/Src/main.c:990:6:MotorON	8	static
../Core/Src/main.c:1018:6:MotorOFF	8	static
../Core/Src/main.c:1034:6:DryRunSet	8	static,ignoring_inline_asm
../Core/Src/main.c:1092:6:zero_0	8	static
../Core/Src/main.c:1103:6:one_1	8	static
../Core/Src/main.c:1114:6:two_2	8	static
../Core/Src/main.c:1125:6:three_3	8	static
../Core/Src/main.c:1136:6:four_4	8	static
../Core/Src/main.c:1147:6:five_5	8	static
../Core/Src/main.c:1158:6:six_6	8	static
../Core/Src/main.c:1169:6:seven_7	8	static
../Core/Src/main.c:1180:6:eight_8	8	static
../Core/Src/main.c:1191:6:nine_9	8	static
../Core/Src/main.c:1203:6:disp	16	static
../Core/Src/main.c:1242:6:HAL_TIM_PeriodElapsedCallback	16	static
../Core/Src/main.c:1306:6:ADC_Select_STS	24	static
../Core/Src/main.c:1319:6:ADC_Select_IADC_R	24	static
../Core/Src/main.c:1331:6:ADC_Select_VADC_B	24	static
../Core/Src/main.c:1343:6:ADC_Select_VADC_Y	24	static
../Core/Src/main.c:1355:6:ADC_Select_VADC_R	24	static
../Core/Src/main.c:1367:6:msDelay	24	static
../Core/Src/main.c:1379:6:Error_Handler	4	static,ignoring_inline_asm
